+ set -euo pipefail
+ RED='\033[0;31m'
+ YEL='\033[1;33m'
+ GRN='\033[0;32m'
+ BLU='\033[0;34m'
+ CYN='\033[0;36m'
+ NC='\033[0m'
+ SEARCH_DIR=/home/frakif91/Documents/GitHub/Mario-Luigi/Assets/Sound/
++ date +%Y%m%d_%H%M%S
+ LOG_FILE=audio_report_20260525_125611.log
+ [[ ! -d /home/frakif91/Documents/GitHub/Mario-Luigi/Assets/Sound/ ]]
+ command -v ffprobe
+ total=0
+ ok=0
+ warn=0
+ err=0
+ FILES_ERR=()
+ declare -a FILES_ERR
+ FILES_WARN=()
+ declare -a FILES_WARN
+ log ''
+ echo -e ''
+ tee -a audio_report_20260525_125611.log

+ log '\033[0;34m══════════════════════════════════════════════\033[0m'
+ echo -e '\033[0;34m══════════════════════════════════════════════\033[0m'
+ tee -a audio_report_20260525_125611.log
[0;34m══════════════════════════════════════════════[0m
+ log '\033[0;34m  Audio Checker — Projet Godot               \033[0m'
+ echo -e '\033[0;34m  Audio Checker — Projet Godot               \033[0m'
+ tee -a audio_report_20260525_125611.log
[0;34m  Audio Checker — Projet Godot               [0m
+ log '\033[0;34m══════════════════════════════════════════════\033[0m'
+ echo -e '\033[0;34m══════════════════════════════════════════════\033[0m'
+ tee -a audio_report_20260525_125611.log
[0;34m══════════════════════════════════════════════[0m
+ log '  Dossier : /home/frakif91/Documents/GitHub/Mario-Luigi/Assets/Sound/'
+ echo -e '  Dossier : /home/frakif91/Documents/GitHub/Mario-Luigi/Assets/Sound/'
+ tee -a audio_report_20260525_125611.log
  Dossier : /home/frakif91/Documents/GitHub/Mario-Luigi/Assets/Sound/
+ log '  Log     : audio_report_20260525_125611.log'
+ echo -e '  Log     : audio_report_20260525_125611.log'
+ tee -a audio_report_20260525_125611.log
  Log     : audio_report_20260525_125611.log
++ date
+ log '  Date    : lun. 25 mai 2026 12:56:11 CEST'
+ echo -e '  Date    : lun. 25 mai 2026 12:56:11 CEST'
+ tee -a audio_report_20260525_125611.log
  Date    : lun. 25 mai 2026 12:56:11 CEST
+ log ''
+ echo -e ''
+ tee -a audio_report_20260525_125611.log

+ mapfile -t AUDIO_FILES
++ find /home/frakif91/Documents/GitHub/Mario-Luigi/Assets/Sound/ -type f '(' -iname '*.wav' -o -iname '*.ogg' -o -iname '*.mp3' ')'
++ sort -t. -k2 -r
+ [[ 63 -eq 0 ]]
+ log '\033[0;36mFichiers trouvés : 63\033[0m'
+ echo -e '\033[0;36mFichiers trouvés : 63\033[0m'
+ tee -a audio_report_20260525_125611.log
[0;36mFichiers trouvés : 63[0m
+ log ''
+ echo -e ''
+ tee -a audio_report_20260525_125611.log

+ for f in "${AUDIO_FILES[@]}"
+ analyze_file /home/frakif91/Documents/GitHub/Mario-Luigi/Assets/Sound/SE_RECOVERY.wav
+ local f=/home/frakif91/Documents/GitHub/Mario-Luigi/Assets/Sound/SE_RECOVERY.wav
+ local ext=wav
+ ext=wav
+ (( total++ ))
